---
source: crates/token/src/lib.rs
expression: "lex(\"\\\"\")"
---
- "\""
- Err: unexpected end of input

