---
source: crates/token/src/lib.rs
expression: "lex(\"\\\"\")"
---
- "\""
- Err: UnexpectedEoi
- - token: Eoi
    span:
      range: 0..0
      str: ""

