---
source: crates/token/src/lib.rs
expression: "lex(\"\\\"a\")"
---
- "\"a"
- Err: unexpected end of input

