---
source: crates/token/src/lib.rs
expression: "lex(\"\")"
---
- ""
- Ok:
    - token: Eoi
      span:
        range: 0..0
        str: ""

